

HI-TECH Software PIC LITE Macro Assembler V9.70 build 5239 
                                                                                               Thu May 02 21:51:36 2013

HI-TECH Software Omniscient Code Generator (Lite mode) build 5239
     1  0000                     opt subtitle "HI-TECH Software Omniscient Code Generator (Lite mode) build 5239"
     2                           
     3                           opt pagewidth 120
     4                           
     5                           	opt lm
     6                           
     7                           	processor	16F690
     8                           clrc	macro
     9                           	bcf	3,0
    10  0000                     	endm
    11                           clrz	macro
    12                           	bcf	3,2
    13  0000                     	endm
    14                           setc	macro
    15                           	bsf	3,0
    16  0000                     	endm
    17                           setz	macro
    18                           	bsf	3,2
    19  0000                     	endm
    20                           skipc	macro
    21                           	btfss	3,0
    22  0000                     	endm
    23                           skipz	macro
    24                           	btfss	3,2
    25  0000                     	endm
    26                           skipnc	macro
    27                           	btfsc	3,0
    28  0000                     	endm
    29                           skipnz	macro
    30                           	btfsc	3,2
    31  0000                     	endm
    32  0000                     indf	equ	0
    33  0000                     indf0	equ	0
    34  0002                     pc	equ	2
    35  0002                     pcl	equ	2
    36  0003                     status	equ	3
    37  0004                     fsr	equ	4
    38  0004                     fsr0	equ	4
    39  0001                     c	equ	1
    40  0000                     z	equ	0
    41  000A                     pclath	equ	10
    42                           # 25 "X:\PIC Projects\BonzaiIrrigation\main.c"
    43                           	psect config,class=CONFIG,delta=2 ;#
    44                           # 25 "X:\PIC Projects\BonzaiIrrigation\main.c"
    45  2007  30E4               	dw 0x3FFC & 0x3FF7 & 0x3FEF & 0x3FFF & 0x3FFF & 0x3FFF & 0x3CFF & 0x3BFF & 0x37FF ;#
    46                           ;COMMON:	_main->__delay_ms
    47                           	FNCALL	_main,__delay_ms
    48                           	FNROOT	_main
    49                           	global	_ADCON0
    50                           psect	text9,local,class=CODE,delta=2
    51                           global __ptext9
    52  0002                     __ptext9:
    53  001F                     _ADCON0  equ     31
    54                           	global	_ADRESH
    55  001E                     _ADRESH  equ     30
    56                           	global	_CCP1CON
    57  0017                     _CCP1CON  equ     23
    58                           	global	_CCPR1H
    59  0016                     _CCPR1H  equ     22
    60                           	global	_CCPR1L
    61  0015                     _CCPR1L  equ     21
    62                           	global	_ECCPAS
    63  001D                     _ECCPAS  equ     29
    64                           	global	_FSR
    65  0004                     _FSR  equ     4
    66                           	global	_INDF
    67  0000                     _INDF  equ     0
    68                           	global	_INTCON
    69  000B                     _INTCON  equ     11
    70                           	global	_PCL
    71  0002                     _PCL  equ     2
    72                           	global	_PCLATH
    73  000A                     _PCLATH  equ     10
    74                           	global	_PIR1
    75  000C                     _PIR1  equ     12
    76                           	global	_PIR2
    77  000D                     _PIR2  equ     13
    78                           	global	_PORTA
    79  0005                     _PORTA  equ     5
    80                           	global	_PORTB
    81  0006                     _PORTB  equ     6
    82                           	global	_PORTC
    83  0007                     _PORTC  equ     7
    84                           	global	_PWM1CON
    85  001C                     _PWM1CON  equ     28
    86                           	global	_RCREG
    87  001A                     _RCREG  equ     26
    88                           	global	_RCSTA
    89  0018                     _RCSTA  equ     24
    90                           	global	_SSPBUF
    91  0013                     _SSPBUF  equ     19
    92                           	global	_SSPCON
    93  0014                     _SSPCON  equ     20
    94                           	global	_STATUS
    95  0003                     _STATUS  equ     3
    96                           	global	_T1CON
    97  0010                     _T1CON  equ     16
    98                           	global	_T2CON
    99  0012                     _T2CON  equ     18
   100                           	global	_TMR0
   101  0001                     _TMR0  equ     1
   102                           	global	_TMR1H
   103  000F                     _TMR1H  equ     15
   104                           	global	_TMR1L
   105  000E                     _TMR1L  equ     14
   106                           	global	_TMR2
   107  0011                     _TMR2  equ     17
   108                           	global	_TXREG
   109  0019                     _TXREG  equ     25
   110                           	global	_ADDEN
   111  00C3                     _ADDEN  equ     195
   112                           	global	_ADFM
   113  00FF                     _ADFM  equ     255
   114                           	global	_ADIF
   115  0066                     _ADIF  equ     102
   116                           	global	_ADON
   117  00F8                     _ADON  equ     248
   118                           	global	_C1IF
   119  006D                     _C1IF  equ     109
   120                           	global	_C2IF
   121  006E                     _C2IF  equ     110
   122                           	global	_CARRY
   123  0018                     _CARRY  equ     24
   124                           	global	_CCP1IF
   125  0062                     _CCP1IF  equ     98
   126                           	global	_CCP1M0
   127  00B8                     _CCP1M0  equ     184
   128                           	global	_CCP1M1
   129  00B9                     _CCP1M1  equ     185
   130                           	global	_CCP1M2
   131  00BA                     _CCP1M2  equ     186
   132                           	global	_CCP1M3
   133  00BB                     _CCP1M3  equ     187
   134                           	global	_CHS0
   135  00FA                     _CHS0  equ     250
   136                           	global	_CHS1
   137  00FB                     _CHS1  equ     251
   138                           	global	_CHS2
   139  00FC                     _CHS2  equ     252
   140                           	global	_CHS3
   141  00FD                     _CHS3  equ     253
   142                           	global	_CKP
   143  00A4                     _CKP  equ     164
   144                           	global	_CREN
   145  00C4                     _CREN  equ     196
   146                           	global	_DC
   147  0019                     _DC  equ     25
   148                           	global	_DC1B0
   149  00BC                     _DC1B0  equ     188
   150                           	global	_DC1B1
   151  00BD                     _DC1B1  equ     189
   152                           	global	_ECCPAS0
   153  00EC                     _ECCPAS0  equ     236
   154                           	global	_ECCPAS1
   155  00ED                     _ECCPAS1  equ     237
   156                           	global	_ECCPAS2
   157  00EE                     _ECCPAS2  equ     238
   158                           	global	_ECCPASE
   159  00EF                     _ECCPASE  equ     239
   160                           	global	_EEIF
   161  006C                     _EEIF  equ     108
   162                           	global	_FERR
   163  00C2                     _FERR  equ     194
   164                           	global	_GIE
   165  005F                     _GIE  equ     95
   166                           	global	_GODONE
   167  00F9                     _GODONE  equ     249
   168                           	global	_INTE
   169  005C                     _INTE  equ     92
   170                           	global	_INTF
   171  0059                     _INTF  equ     89
   172                           	global	_IRP
   173  001F                     _IRP  equ     31
   174                           	global	_OERR
   175  00C1                     _OERR  equ     193
   176                           	global	_OSFIF
   177  006F                     _OSFIF  equ     111
   178                           	global	_P1M0
   179  00BE                     _P1M0  equ     190
   180                           	global	_P1M1
   181  00BF                     _P1M1  equ     191
   182                           	global	_PD
   183  001B                     _PD  equ     27
   184                           	global	_PDC0
   185  00E0                     _PDC0  equ     224
   186                           	global	_PDC1
   187  00E1                     _PDC1  equ     225
   188                           	global	_PDC2
   189  00E2                     _PDC2  equ     226
   190                           	global	_PDC3
   191  00E3                     _PDC3  equ     227
   192                           	global	_PDC4
   193  00E4                     _PDC4  equ     228
   194                           	global	_PDC5
   195  00E5                     _PDC5  equ     229
   196                           	global	_PDC6
   197  00E6                     _PDC6  equ     230
   198                           	global	_PEIE
   199  005E                     _PEIE  equ     94
   200                           	global	_PRSEN
   201  00E7                     _PRSEN  equ     231
   202                           	global	_PSSAC0
   203  00EA                     _PSSAC0  equ     234
   204                           	global	_PSSAC1
   205  00EB                     _PSSAC1  equ     235
   206                           	global	_PSSBD0
   207  00E8                     _PSSBD0  equ     232
   208                           	global	_PSSBD1
   209  00E9                     _PSSBD1  equ     233
   210+                          	global	_RA0
   211+ 0028                     _RA0  equ     40
   212+                          	global	_RA1
   213+ 0029                     _RA1  equ     41
   214+                          	global	_RA2
   215+ 002A                     _RA2  equ     42
   216+                          	global	_RA3
   217+ 002B                     _RA3  equ     43
   218+                          	global	_RA4
   219+ 002C                     _RA4  equ     44
   220                           	global	_RA5
   221  002D                     _RA5  equ     45
   222+                          	global	_RABIE
   223+ 005B                     _RABIE  equ     91
   224+                          	global	_RABIF
   225+ 0058                     _RABIF  equ     88
   226+                          	global	_RB4
   227+ 0034                     _RB4  equ     52
   228+                          	global	_RB5
   229+ 0035                     _RB5  equ     53
   230+                          	global	_RB6
   231+ 0036                     _RB6  equ     54
   232                           	global	_RB7
   233  0037                     _RB7  equ     55
   234+                          	global	_RBIE
   235+ 005B                     _RBIE  equ     91
   236                           	global	_RBIF
   237  0058                     _RBIF  equ     88
   238+                          	global	_RC0
   239+ 0038                     _RC0  equ     56
   240+                          	global	_RC1
   241+ 0039                     _RC1  equ     57
   242+                          	global	_RC2
   243+ 003A                     _RC2  equ     58
   244+                          	global	_RC3
   245+ 003B                     _RC3  equ     59
   246+                          	global	_RC4
   247+ 003C                     _RC4  equ     60
   248                           	global	_RC5
   249  003D                     _RC5  equ     61
   250                           	global	_RC6
   251  003E                     _RC6  equ     62
   252+                          	global	_RC7
   253+ 003F                     _RC7  equ     63
   254+                          	global	_RCIF
   255+ 0065                     _RCIF  equ     101
   256                           	global	_RP0
   257  001D                     _RP0  equ     29
   258+                          	global	_RP1
   259+ 001E                     _RP1  equ     30
   260                           	global	_RX9
   261  00C6                     _RX9  equ     198
   262+                          	global	_RX9D
   263+ 00C0                     _RX9D  equ     192
   264                           	global	_SPEN
   265  00C7                     _SPEN  equ     199
   266+                          	global	_SREN
   267+ 00C5                     _SREN  equ     197
   268+                          	global	_SSPEN
   269+ 00A5                     _SSPEN  equ     165
   270+                          	global	_SSPIF
   271+ 0063                     _SSPIF  equ     99
   272+                          	global	_SSPM0
   273+ 00A0                     _SSPM0  equ     160
   274+                          	global	_SSPM1
   275+ 00A1                     _SSPM1  equ     161
   276                           	global	_SSPM2
   277  00A2                     _SSPM2  equ     162
   278                           	global	_SSPM3
   279  00A3                     _SSPM3  equ     163
   280+                          	global	_SSPOV
   281+ 00A6                     _SSPOV  equ     166
   282+                          	global	_T0IE
   283+ 005D                     _T0IE  equ     93
   284                           	global	_T0IF
   285  005A                     _T0IF  equ     90
   286+                          	global	_T1CKPS0
   287+ 0084                     _T1CKPS0  equ     132
   288                           	global	_T1CKPS1
   289  0085                     _T1CKPS1  equ     133
   290+                          	global	_T1GINV
   291+ 0087                     _T1GINV  equ     135
   292                           	global	_T1OSCEN
   293  0083                     _T1OSCEN  equ     131
   294+                          	global	_T1SYNC
   295+ 0082                     _T1SYNC  equ     130
   296+                          	global	_T2CKPS0
   297+ 0090                     _T2CKPS0  equ     144
   298+                          	global	_T2CKPS1
   299+ 0091                     _T2CKPS1  equ     145
   300+                          	global	_TMR1CS
   301+ 0081                     _TMR1CS  equ     129
   302+                          	global	_TMR1GE
   303+ 0086                     _TMR1GE  equ     134
   304                           	global	_TMR1IF
   305  0060                     _TMR1IF  equ     96
   306                           	global	_TMR1ON
   307  0080                     _TMR1ON  equ     128
   308+                          	global	_TMR2IF
   309+ 0061                     _TMR2IF  equ     97
   310+                          	global	_TMR2ON
   311+ 0092                     _TMR2ON  equ     146
   312                           	global	_TO
   313  001C                     _TO  equ     28
   314+                          	global	_TOUTPS0
   315+ 0093                     _TOUTPS0  equ     147
   316                           	global	_TOUTPS1
   317  0094                     _TOUTPS1  equ     148
   318+                          	global	_TOUTPS2
   319+ 0095                     _TOUTPS2  equ     149
   320                           	global	_TOUTPS3
   321  0096                     _TOUTPS3  equ     150
   322+                          	global	_TXIF
   323+ 0064                     _TXIF  equ     100
   324+                          	global	_VCFG
   325+ 00FE                     _VCFG  equ     254
   326+                          	global	_WCOL
   327+ 00A7                     _WCOL  equ     167
   328+                          	global	_ZERO
   329+ 001A                     _ZERO  equ     26
   330+                          	global	_ADCON1
   331+ 009F                     _ADCON1  equ     159
   332                           	global	_ADRESL
   333  009E                     _ADRESL  equ     158
   334                           	global	_BAUDCTL
   335  009B                     _BAUDCTL  equ     155
   336+                          	global	_IOCA
   337+ 0096                     _IOCA  equ     150
   338+                          	global	_OPTION
   339+ 0081                     _OPTION  equ     129
   340                           	global	_OSCCON
   341  008F                     _OSCCON  equ     143
   342+                          	global	_OSCTUNE
   343+ 0090                     _OSCTUNE  equ     144
   344                           	global	_PCON
   345  008E                     _PCON  equ     142
   346+                          	global	_PIE1
   347+ 008C                     _PIE1  equ     140
   348                           	global	_PIE2
   349  008D                     _PIE2  equ     141
   350+                          	global	_PR2
   351+ 0092                     _PR2  equ     146
   352+                          	global	_SPBRG
   353+ 0099                     _SPBRG  equ     153
   354+                          	global	_SPBRGH
   355+ 009A                     _SPBRGH  equ     154
   356+                          	global	_SSPADD
   357+ 0093                     _SSPADD  equ     147
   358+                          	global	_SSPMSK
   359+ 0093                     _SSPMSK  equ     147
   360                           	global	_SSPSTAT
   361  0094                     _SSPSTAT  equ     148
   362+                          	global	_TRISA
   363+ 0085                     _TRISA  equ     133
   364+                          	global	_TRISB
   365+ 0086                     _TRISB  equ     134
   366+                          	global	_TRISC
   367+ 0087                     _TRISC  equ     135
   368                           	global	_TXSTA
   369  0098                     _TXSTA  equ     152
   370+                          	global	_WDTCON
   371+ 0097                     _WDTCON  equ     151
   372                           	global	_WPUA
   373  0095                     _WPUA  equ     149
   374+                          	global	_ABDEN
   375+ 04D8                     _ABDEN  equ     1240
   376                           	global	_ABDOVF
   377  04DF                     _ABDOVF  equ     1247
   378+                          	global	_ADCS0
   379+ 04FC                     _ADCS0  equ     1276
   380+                          	global	_ADCS1
   381+ 04FD                     _ADCS1  equ     1277
   382+                          	global	_ADCS2
   383+ 04FE                     _ADCS2  equ     1278
   384+                          	global	_ADIE
   385+ 0466                     _ADIE  equ     1126
   386+                          	global	_BF
   387+ 04A0                     _BF  equ     1184
   388                           	global	_BOR
   389  0470                     _BOR  equ     1136
   390+                          	global	_BRG0
   391+ 04C8                     _BRG0  equ     1224
   392+                          	global	_BRG1
   393+ 04C9                     _BRG1  equ     1225
   394+                          	global	_BRG10
   395+ 04D2                     _BRG10  equ     1234
   396                           	global	_BRG11
   397  04D3                     _BRG11  equ     1235
   398+                          	global	_BRG12
   399+ 04D4                     _BRG12  equ     1236
   400                           	global	_BRG13
   401  04D5                     _BRG13  equ     1237
   402+                          	global	_BRG14
   403+ 04D6                     _BRG14  equ     1238
   404                           	global	_BRG15
   405  04D7                     _BRG15  equ     1239
   406+                          	global	_BRG16
   407+ 04DB                     _BRG16  equ     1243
   408+                          	global	_BRG2
   409+ 04CA                     _BRG2  equ     1226
   410                           	global	_BRG3
   411  04CB                     _BRG3  equ     1227
   412                           	global	_BRG4
   413  04CC                     _BRG4  equ     1228
   414                           	global	_BRG5
   415  04CD                     _BRG5  equ     1229
   416                           	global	_BRG6
   417  04CE                     _BRG6  equ     1230
   418                           	global	_BRG7
   419  04CF                     _BRG7  equ     1231
   420                           	global	_BRG8
   421  04D0                     _BRG8  equ     1232
   422                           	global	_BRG9
   423  04D1                     _BRG9  equ     1233
   424                           	global	_BRGH
   425  04C2                     _BRGH  equ     1218
   426                           	global	_C1IE
   427  046D                     _C1IE  equ     1133
   428                           	global	_C2IE
   429  046E                     _C2IE  equ     1134
   430                           	global	_CCP1IE
   431  0462                     _CCP1IE  equ     1122
   432                           	global	_CKE
   433  04A6                     _CKE  equ     1190
   434                           	global	_CSRC
   435  04C7                     _CSRC  equ     1223
   436                           	global	_DA
   437  04A5                     _DA  equ     1189
   438                           	global	_EEIE
   439  046C                     _EEIE  equ     1132
   440                           	global	_HTS
   441  047A                     _HTS  equ     1146
   442                           	global	_INTEDG
   443  040E                     _INTEDG  equ     1038
   444                           	global	_IOCA0
   445  04B0                     _IOCA0  equ     1200
   446                           	global	_IOCA1
   447  04B1                     _IOCA1  equ     1201
   448                           	global	_IOCA2
   449  04B2                     _IOCA2  equ     1202
   450                           	global	_IOCA3
   451  04B3                     _IOCA3  equ     1203
   452                           	global	_IOCA4
   453  04B4                     _IOCA4  equ     1204
   454                           	global	_IOCA5
   455  04B5                     _IOCA5  equ     1205
   456                           	global	_IRCF0
   457  047C                     _IRCF0  equ     1148
   458                           	global	_IRCF1
   459  047D                     _IRCF1  equ     1149
   460                           	global	_IRCF2
   461  047E                     _IRCF2  equ     1150
   462                           	global	_LTS
   463  0479                     _LTS  equ     1145
   464                           	global	_OSFIE
   465  046F                     _OSFIE  equ     1135
   466                           	global	_OSTS
   467  047B                     _OSTS  equ     1147
   468                           	global	_POR
   469  0471                     _POR  equ     1137
   470                           	global	_PS0
   471  0408                     _PS0  equ     1032
   472                           	global	_PS1
   473  0409                     _PS1  equ     1033
   474                           	global	_PS2
   475  040A                     _PS2  equ     1034
   476                           	global	_PSA
   477  040B                     _PSA  equ     1035
   478                           	global	_RABPU
   479  040F                     _RABPU  equ     1039
   480                           	global	_RBPU
   481  040F                     _RBPU  equ     1039
   482                           	global	_RCIDL
   483  04DE                     _RCIDL  equ     1246
   484                           	global	_RCIE
   485  0465                     _RCIE  equ     1125
   486                           	global	_RW
   487  04A2                     _RW  equ     1186
   488                           	global	_SBOREN
   489  0474                     _SBOREN  equ     1140
   490                           	global	_SCKP
   491  04DC                     _SCKP  equ     1244
   492                           	global	_SCS
   493  0478                     _SCS  equ     1144
   494                           	global	_SENDB
   495  04C3                     _SENDB  equ     1219
   496                           	global	_SMP
   497  04A7                     _SMP  equ     1191
   498                           	global	_SSPIE
   499  0463                     _SSPIE  equ     1123
   500                           	global	_START
   501  04A3                     _START  equ     1187
   502                           	global	_STOP
   503  04A4                     _STOP  equ     1188
   504                           	global	_SWDTEN
   505  04B8                     _SWDTEN  equ     1208
   506                           	global	_SYNC
   507  04C4                     _SYNC  equ     1220
   508                           	global	_T0CS
   509  040D                     _T0CS  equ     1037
   510                           	global	_T0SE
   511  040C                     _T0SE  equ     1036
   512                           	global	_TMR1IE
   513  0460                     _TMR1IE  equ     1120
   514                           	global	_TMR2IE
   515  0461                     _TMR2IE  equ     1121
   516                           	global	_TRISA0
   517  0428                     _TRISA0  equ     1064
   518                           	global	_TRISA1
   519  0429                     _TRISA1  equ     1065
   520                           	global	_TRISA2
   521  042A                     _TRISA2  equ     1066
   522                           	global	_TRISA3
   523  042B                     _TRISA3  equ     1067
   524                           	global	_TRISA4
   525  042C                     _TRISA4  equ     1068
   526                           	global	_TRISA5
   527  042D                     _TRISA5  equ     1069
   528                           	global	_TRISB4
   529  0434                     _TRISB4  equ     1076
   530                           	global	_TRISB5
   531  0435                     _TRISB5  equ     1077
   532                           	global	_TRISB6
   533  0436                     _TRISB6  equ     1078
   534                           	global	_TRISB7
   535  0437                     _TRISB7  equ     1079
   536                           	global	_TRISC0
   537  0438                     _TRISC0  equ     1080
   538                           	global	_TRISC1
   539  0439                     _TRISC1  equ     1081
   540                           	global	_TRISC2
   541  043A                     _TRISC2  equ     1082
   542                           	global	_TRISC3
   543  043B                     _TRISC3  equ     1083
   544                           	global	_TRISC4
   545  043C                     _TRISC4  equ     1084
   546                           	global	_TRISC5
   547  043D                     _TRISC5  equ     1085
   548                           	global	_TRISC6
   549  043E                     _TRISC6  equ     1086
   550                           	global	_TRISC7
   551  043F                     _TRISC7  equ     1087
   552                           	global	_TRMT
   553  04C1                     _TRMT  equ     1217
   554                           	global	_TUN0
   555  0480                     _TUN0  equ     1152
   556                           	global	_TUN1
   557  0481                     _TUN1  equ     1153
   558                           	global	_TUN2
   559  0482                     _TUN2  equ     1154
   560                           	global	_TUN3
   561  0483                     _TUN3  equ     1155
   562                           	global	_TUN4
   563  0484                     _TUN4  equ     1156
   564                           	global	_TX9
   565  04C6                     _TX9  equ     1222
   566                           	global	_TX9D
   567  04C0                     _TX9D  equ     1216
   568                           	global	_TXEN
   569  04C5                     _TXEN  equ     1221
   570                           	global	_TXIE
   571  0464                     _TXIE  equ     1124
   572                           	global	_UA
   573  04A1                     _UA  equ     1185
   574                           	global	_ULPWUE
   575  0475                     _ULPWUE  equ     1141
   576                           	global	_WDTPS0
   577  04B9                     _WDTPS0  equ     1209
   578                           	global	_WDTPS1
   579  04BA                     _WDTPS1  equ     1210
   580                           	global	_WDTPS2
   581  04BB                     _WDTPS2  equ     1211
   582                           	global	_WDTPS3
   583  04BC                     _WDTPS3  equ     1212
   584                           	global	_WPUA0
   585  04A8                     _WPUA0  equ     1192
   586                           	global	_WPUA1
   587  04A9                     _WPUA1  equ     1193
   588                           	global	_WPUA2
   589  04AA                     _WPUA2  equ     1194
   590                           	global	_WPUA4
   591  04AC                     _WPUA4  equ     1196
   592                           	global	_WPUA5
   593  04AD                     _WPUA5  equ     1197
   594                           	global	_WUE
   595  04D9                     _WUE  equ     1241
   596                           	global	_ANSEL
   597  011E                     _ANSEL  equ     286
   598                           	global	_ANSELH
   599  011F                     _ANSELH  equ     287
   600                           	global	_CM1CON0
   601  0119                     _CM1CON0  equ     281
   602                           	global	_CM2CON0
   603  011A                     _CM2CON0  equ     282
   604                           	global	_CM2CON1
   605  011B                     _CM2CON1  equ     283
   606                           	global	_EEADR
   607  010D                     _EEADR  equ     269
   608                           	global	_EEADRH
   609  010F                     _EEADRH  equ     271
   610                           	global	_EEADRL
   611  010D                     _EEADRL  equ     269
   612                           	global	_EEDAT
   613  010C                     _EEDAT  equ     268
   614                           	global	_EEDATA
   615  010C                     _EEDATA  equ     268
   616                           	global	_EEDATH
   617  010E                     _EEDATH  equ     270
   618                           	global	_EEDATL
   619  010C                     _EEDATL  equ     268
   620                           	global	_IOCB
   621  0116                     _IOCB  equ     278
   622                           	global	_VRCON
   623  0118                     _VRCON  equ     280
   624                           	global	_WPUB
   625  0115                     _WPUB  equ     277
   626                           	global	_ANS0
   627  08F0                     _ANS0  equ     2288
   628                           	global	_ANS1
   629  08F1                     _ANS1  equ     2289
   630                           	global	_ANS10
   631  08FA                     _ANS10  equ     2298
   632                           	global	_ANS11
   633  08FB                     _ANS11  equ     2299
   634                           	global	_ANS2
   635  08F2                     _ANS2  equ     2290
   636                           	global	_ANS3
   637  08F3                     _ANS3  equ     2291
   638                           	global	_ANS4
   639  08F4                     _ANS4  equ     2292
   640                           	global	_ANS5
   641  08F5                     _ANS5  equ     2293
   642                           	global	_ANS6
   643  08F6                     _ANS6  equ     2294
   644                           	global	_ANS7
   645  08F7                     _ANS7  equ     2295
   646                           	global	_ANS8
   647  08F8                     _ANS8  equ     2296
   648                           	global	_ANS9
   649  08F9                     _ANS9  equ     2297
   650                           	global	_C1CH0
   651  08C8                     _C1CH0  equ     2248
   652                           	global	_C1CH1
   653  08C9                     _C1CH1  equ     2249
   654                           	global	_C1OE
   655  08CD                     _C1OE  equ     2253
   656                           	global	_C1ON
   657  08CF                     _C1ON  equ     2255
   658                           	global	_C1OUT
   659  08CE                     _C1OUT  equ     2254
   660                           	global	_C1POL
   661  08CC                     _C1POL  equ     2252
   662                           	global	_C1R
   663  08CA                     _C1R  equ     2250
   664                           	global	_C1VREN
   665  08C7                     _C1VREN  equ     2247
   666                           	global	_C2CH0
   667  08D0                     _C2CH0  equ     2256
   668                           	global	_C2CH1
   669  08D1                     _C2CH1  equ     2257
   670                           	global	_C2OE
   671  08D5                     _C2OE  equ     2261
   672                           	global	_C2ON
   673  08D7                     _C2ON  equ     2263
   674                           	global	_C2OUT
   675  08D6                     _C2OUT  equ     2262
   676                           	global	_C2POL
   677  08D4                     _C2POL  equ     2260
   678                           	global	_C2R
   679  08D2                     _C2R  equ     2258
   680                           	global	_C2SYNC
   681  08D8                     _C2SYNC  equ     2264
   682                           	global	_C2VREN
   683  08C6                     _C2VREN  equ     2246
   684                           	global	_IOCB4
   685  08B4                     _IOCB4  equ     2228
   686                           	global	_IOCB5
   687  08B5                     _IOCB5  equ     2229
   688                           	global	_IOCB6
   689  08B6                     _IOCB6  equ     2230
   690                           	global	_IOCB7
   691  08B7                     _IOCB7  equ     2231
   692                           	global	_MC1OUT
   693  08DF                     _MC1OUT  equ     2271
   694                           	global	_MC2OUT
   695  08DE                     _MC2OUT  equ     2270
   696                           	global	_T1GSS
   697  08D9                     _T1GSS  equ     2265
   698                           	global	_VP6EN
   699  08C4                     _VP6EN  equ     2244
   700                           	global	_VR0
   701  08C0                     _VR0  equ     2240
   702                           	global	_VR1
   703  08C1                     _VR1  equ     2241
   704                           	global	_VR2
   705  08C2                     _VR2  equ     2242
   706                           	global	_VR3
   707  08C3                     _VR3  equ     2243
   708                           	global	_VRR
   709  08C5                     _VRR  equ     2245
   710                           	global	_WPUB4
   711  08AC                     _WPUB4  equ     2220
   712                           	global	_WPUB5
   713  08AD                     _WPUB5  equ     2221
   714                           	global	_WPUB6
   715  08AE                     _WPUB6  equ     2222
   716                           	global	_WPUB7
   717  08AF                     _WPUB7  equ     2223
   718                           	global	_EECON1
   719  018C                     _EECON1  equ     396
   720                           	global	_EECON2
   721  018D                     _EECON2  equ     397
   722                           	global	_PSTRCON
   723  019D                     _PSTRCON  equ     413
   724                           	global	_SRCON
   725  019E                     _SRCON  equ     414
   726                           	global	_C1SEN
   727  0CF5                     _C1SEN  equ     3317
   728                           	global	_C2REN
   729  0CF4                     _C2REN  equ     3316
   730                           	global	_EEPGD
   731  0C67                     _EEPGD  equ     3175
   732                           	global	_PULSR
   733  0CF2                     _PULSR  equ     3314
   734                           	global	_PULSS
   735  0CF3                     _PULSS  equ     3315
   736                           	global	_RD
   737  0C60                     _RD  equ     3168
   738                           	global	_SR0
   739  0CF6                     _SR0  equ     3318
   740                           	global	_SR1
   741  0CF7                     _SR1  equ     3319
   742                           	global	_STRA
   743  0CE8                     _STRA  equ     3304
   744                           	global	_STRB
   745  0CE9                     _STRB  equ     3305
   746                           	global	_STRC
   747  0CEA                     _STRC  equ     3306
   748                           	global	_STRD
   749  0CEB                     _STRD  equ     3307
   750                           	global	_STRSYNC
   751  0CEC                     _STRSYNC  equ     3308
   752                           	global	_WR
   753  0C61                     _WR  equ     3169
   754                           	global	_WREN
   755  0C62                     _WREN  equ     3170
   756                           	global	_WRERR
   757  0C63                     _WRERR  equ     3171
   758                           	file	"BonzaiIrrigation.as"
   759                           	line	#
   760                           psect cinit,class=CODE,delta=2
   761                           global start_initialization
   762  077C                     start_initialization:
   763                           
   764                           psect cinit,class=CODE,delta=2
   765                           global end_of_initialization
   766                           
   767                           ;End of C runtime variable initationation code
   768                           
   769  077C                     end_of_initialization:
   770  077C  0183               clrf status
   771  077D  118A  2F9C         ljmp _main	;jump to C main() function
   772                           psect	cstackCOMMON,class=COMMON,space=1
   773                           global __pcstackCOMMON
   774  0070                     __pcstackCOMMON:
   775                           	global	??__delay_ms
   776  0070                     ??__delay_ms: ;@ 0x0
   777                           	global	__delay_ms@us
   778  0070                     __delay_ms@us:	; 1 bytes @ 0x0
   779  0070                     	ds	1
   780                           	global	__delay_ms@i
   781  0071                     __delay_ms@i:	; 1 bytes @ 0x1
   782  0071                     	ds	1
   783                           	global	?__delay_ms
   784  0072                     ?__delay_ms: ;@ 0x2
   785                           	global	__delay_ms@ms
   786  0072                     __delay_ms@ms:	; 2 bytes @ 0x2
   787  0072                     	ds	2
   788                           	global	??_main
   789  0074                     ??_main: ;@ 0x4
   790  0074                     	ds	3
   791                           	global	main@adcValue
   792  0077                     main@adcValue:	; 2 bytes @ 0x7
   793  0077                     	ds	2
   794                           	global	?_main
   795  0079                     ?_main: ;@ 0x9
   796                           ;Data sizes: Strings 0, constant 0, data 0, bss 0, persistent 0 stack 0
   797                           ;Auto spaces:   Size  Autos    Used
   798                           ; COMMON          14      9       9
   799                           ; BANK0           80      0       0
   800                           ; BANK1           80      0       0
   801                           ; BANK2           80      0       0
   802                           
   803                           
   804                           ;Pointer list with targets:
   805                           
   806                           
   807                           
   808                           ;Main: autosize = 0, tempsize = 3, incstack = 0, save=0
   809                           
   810                           
   811                           ;Call graph:                      Base Space Used Autos Args Refs Density
   812                           ;_main                                                5    0   40   0.00
   813                           ;                                    4 COMMO    5
   814                           ;          __delay_ms
   815                           ;  __delay_ms                                         2    2   30   0.00
   816                           ;                                    0 COMMO    4
   817                           ; Estimated maximum call depth 1
   818                           ; Address spaces:
   819                           
   820                           ;Name               Size   Autos  Total    Cost      Usage
   821                           ;BITCOMMON            E      0       0       0        0.0%
   822                           ;CODE                 0      0       0       0        0.0%
   823                           ;NULL                 0      0       0       0        0.0%
   824                           ;COMMON               E      9       9       1       64.3%
   825                           ;BITSFR0              0      0       0       1        0.0%
   826                           ;SFR0                 0      0       0       1        0.0%
   827                           ;SFR1                 0      0       0       2        0.0%
   828                           ;BITSFR1              0      0       0       2        0.0%
   829                           ;ABS                  0      0       3       2        0.0%
   830                           ;STACK                0      0       0       3        0.0%
   831                           ;BITBANK0            50      0       0       4        0.0%
   832                           ;BITSFR3              0      0       0       4        0.0%
   833                           ;SFR3                 0      0       0       4        0.0%
   834                           ;BANK0               50      0       0       5        0.0%
   835                           ;SFR2                 0      0       0       5        0.0%
   836                           ;BITSFR2              0      0       0       5        0.0%
   837                           ;BITBANK1            50      0       0       6        0.0%
   838                           ;BANK1               50      0       0       7        0.0%
   839                           ;BITBANK2            50      0       0       8        0.0%
   840                           ;BANK2               50      0       0       9        0.0%
   841                           ;DATA                 0      0       3      10        0.0%
   842                           ;EEDATA             100      0       0    1000        0.0%
   843                           
   844                           	global	_main
   845                           psect	maintext,local,class=CODE,delta=2
   846                           global __pmaintext
   847  079C                     __pmaintext:
   848                           
   849                           ; *************** function _main *****************
   850                           ; Defined at:
   851                           ;		line 45 in file "X:\PIC Projects\BonzaiIrrigation\main.c"
   852                           ; Parameters:    Size  Location     Type
   853                           ;		None
   854                           ; Auto vars:     Size  Location     Type
   855                           ;  adcValue        2    7[COMMON] unsigned int 
   856                           ; Return value:  Size  Location     Type
   857                           ;		None               void
   858                           ; Registers used:
   859                           ;		wreg, status,2, status,0, pclath, cstack
   860                           ; Tracked objects:
   861                           ;		On entry : 17F/0
   862                           ;		On exit  : 0/0
   863                           ;		Unchanged: 0/0
   864                           ; Data sizes:     COMMON   BANK0   BANK1   BANK2
   865                           ;      Locals:         5       0       0       0
   866                           ;      Temp:     3
   867                           ;      Total:    5
   868                           ; This function calls:
   869                           ;		__delay_ms
   870                           ; This function is called by:
   871                           ;		Startup code after reset
   872                           ; This function uses a non-reentrant model
   873                           ; 
   874                           psect	maintext
   875                           	file	"X:\PIC Projects\BonzaiIrrigation\main.c"
   876                           	line	45
   877                           	global	__size_of_main
   878  0064                     	__size_of_main	equ	__end_of_main-_main
   879                           ;main.c: 44: void main(void)
   880                           ;main.c: 45: {
   881                           	
   882  079C                     _main:	
   883                           	opt stack 8
   884                           ; Regs used in _main: [wreg+status,2+status,0+pclath+cstack]
   885                           	line	47
   886                           	
   887  079C                     l30000446:	
   888                           ;main.c: 46: unsigned int adcValue;
   889                           ;main.c: 47: OSCCON=0x70;
   890  079C  3070               	movlw	(070h)
   891  079D  1683               	bsf	status, 5	;RP0=1, select bank1
   892  079E  1303               	bcf	status, 6	;RP1=0, select bank1
   893  079F  008F               	movwf	(143)^080h	;volatile
   894                           	line	48
   895                           ;main.c: 48: TRISA = 0b00010000;
   896  07A0  3010               	movlw	(010h)
   897  07A1  0085               	movwf	(133)^080h	;volatile
   898                           	
   899  07A2                     l30000447:	
   900                           	line	49
   901                           ;main.c: 49: TRISC = 0x00;
   902  07A2  1003               	clrc
   903  07A3  3000               	movlw	0
   904  07A4  1803               	btfsc	status,0
   905  07A5  3001               	movlw	1
   906  07A6  0087               	movwf	(135)^080h	;volatile
   907                           	
   908  07A7                     l30000448:	
   909                           	line	50
   910                           ;main.c: 50: ANSEL = 0b00001000;
   911  07A7  3008               	movlw	(08h)
   912  07A8  1283               	bcf	status, 5	;RP0=0, select bank2
   913  07A9  1703               	bsf	status, 6	;RP1=1, select bank2
   914  07AA  009E               	movwf	(286)^0100h
   915                           	line	51
   916                           ;main.c: 51: ANSELH = 0;
   917  07AB  1003               	clrc
   918  07AC  3000               	movlw	0
   919  07AD  1803               	btfsc	status,0
   920  07AE  3001               	movlw	1
   921  07AF  009F               	movwf	(287)^0100h
   922                           	
   923  07B0                     l30000449:	
   924                           	line	53
   925                           ;main.c: 53: ADCON0 = 0b10001100;
   926  07B0  308C               	movlw	(08Ch)
   927  07B1  1283               	bcf	status, 5	;RP0=0, select bank0
   928  07B2  1303               	bcf	status, 6	;RP1=0, select bank0
   929  07B3  009F               	movwf	(31)	;volatile
   930                           	
   931  07B4                     l30000450:	
   932                           	line	54
   933                           ;main.c: 54: ADCON1=0b00100000;
   934  07B4  3020               	movlw	(020h)
   935  07B5  1683               	bsf	status, 5	;RP0=1, select bank1
   936  07B6  1303               	bcf	status, 6	;RP1=0, select bank1
   937  07B7  009F               	movwf	(159)^080h
   938                           	
   939  07B8                     l30000451:	
   940                           	line	55
   941                           ;main.c: 55: ADON=1;
   942  07B8  1283               	bcf	status, 5	;RP0=0, select bank0
   943  07B9  1303               	bcf	status, 6	;RP1=0, select bank0
   944  07BA  141F               	bsf	(248/8),(248)&7
   945                           	line	56
   946                           ;main.c: 56: PORTC = 0x00;
   947  07BB  1003               	clrc
   948  07BC  3000               	movlw	0
   949  07BD  1803               	btfsc	status,0
   950  07BE  3001               	movlw	1
   951  07BF  0087               	movwf	(7)	;volatile
   952                           	
   953  07C0                     l30000452:	
   954                           	line	58
   955                           ;main.c: 58: GODONE=1;
   956  07C0  149F               	bsf	(249/8),(249)&7
   957                           	
   958  07C1                     l16:	
   959                           	line	59
   960  07C1  189F               	btfsc	(249/8),(249)&7
   961  07C2  2FC4               	goto	u41
   962  07C3  2FC5               	goto	u40
   963  07C4                     u41:
   964  07C4  2FC1               	goto	l16
   965  07C5                     u40:
   966                           	
   967  07C5                     l30000453:	
   968                           	line	60
   969                           ;main.c: 60: adcValue=ADRESL;
   970  07C5  1683               	bsf	status, 5	;RP0=1, select bank1
   971  07C6  1303               	bcf	status, 6	;RP1=0, select bank1
   972  07C7  081E               	movf	(158)^080h,w	;volatile
   973  07C8  00F4               	movwf	(??_main+0+0)
   974  07C9  01F5               	clrf	(??_main+0+0+1)
   975  07CA  0874               	movf	0+(??_main+0+0),w
   976  07CB  00F7               	movwf	(main@adcValue)
   977  07CC  0875               	movf	1+(??_main+0+0),w
   978  07CD  00F8               	movwf	(main@adcValue+1)
   979                           	line	61
   980                           ;main.c: 61: adcValue += (ADRESH << 8);
   981  07CE  1283               	bcf	status, 5	;RP0=0, select bank0
   982  07CF  1303               	bcf	status, 6	;RP1=0, select bank0
   983  07D0  081E               	movf	(30),w	;volatile
   984  07D1  00F4               	movwf	(??_main+0+0)
   985  07D2  01F5               	clrf	(??_main+0+0+1)
   986  07D3  3008               	movlw	08h
   987  07D4  00F6               	movwf	(??_main+2+0)
   988  07D5                     u55:
   989  07D5  1003               	clrc
   990  07D6  0DF4               	rlf	(??_main+0+0),f
   991  07D7  0DF5               	rlf	(??_main+0+1),f
   992  07D8  0BF6               	decfsz	(??_main+2+0),f
   993  07D9  2FD5               	goto	u55
   994  07DA  0874               	movf	0+(??_main+0+0),w
   995  07DB  07F7               	addwf	(main@adcValue),f
   996  07DC  1803               	skipnc
   997  07DD  0AF8               	incf	(main@adcValue+1),f
   998  07DE  0875               	movf	1+(??_main+0+0),w
   999  07DF  07F8               	addwf	(main@adcValue+1),f
  1000                           	
  1001  07E0                     l30000454:	
  1002                           	line	62
  1003                           ;main.c: 62: _delay_ms(500);
  1004  07E0  30F4               	movlw	low(01F4h)
  1005  07E1  00F2               	movwf	(?__delay_ms)
  1006  07E2  3001               	movlw	high(01F4h)
  1007  07E3  00F3               	movwf	((?__delay_ms))+1
  1008  07E4  118A  277F  118A   	fcall	__delay_ms
  1009                           	
  1010  07E7                     l30000455:	
  1011                           	line	63
  1012                           ;main.c: 63: if(adcValue >= 880){
  1013  07E7  3003               	movlw	high(0370h)
  1014  07E8  0278               	subwf	(main@adcValue+1),w
  1015  07E9  3070               	movlw	low(0370h)
  1016  07EA  1903               	skipnz
  1017  07EB  0277               	subwf	(main@adcValue),w
  1018  07EC  1C03               	skipc
  1019  07ED  2FEF               	goto	u61
  1020  07EE  2FF0               	goto	u60
  1021  07EF                     u61:
  1022  07EF  2FFA               	goto	l30000458
  1023  07F0                     u60:
  1024                           	
  1025  07F0                     l30000456:	
  1026                           	line	64
  1027                           ;main.c: 64: RC7 = 1;
  1028  07F0  1283               	bcf	status, 5	;RP0=0, select bank0
  1029  07F1  1303               	bcf	status, 6	;RP1=0, select bank0
  1030  07F2  1787               	bsf	(63/8),(63)&7
  1031                           	
  1032  07F3                     l30000457:	
  1033                           	line	65
  1034                           ;main.c: 65: _delay_ms(50);
  1035  07F3  3032               	movlw	low(032h)
  1036  07F4  00F2               	movwf	(?__delay_ms)
  1037  07F5  3000               	movlw	high(032h)
  1038  07F6  00F3               	movwf	((?__delay_ms))+1
  1039  07F7  118A  277F  118A   	fcall	__delay_ms
  1040                           	
  1041  07FA                     l30000458:	
  1042                           	line	66
  1043                           ;main.c: 66: RC7 = 0;
  1044  07FA  1283               	bcf	status, 5	;RP0=0, select bank0
  1045  07FB  1303               	bcf	status, 6	;RP1=0, select bank0
  1046  07FC  1387               	bcf	(63/8),(63)&7
  1047  07FD  2FC0               	goto	l30000452
  1048                           	global	start
  1049  07FE  118A  2800         	ljmp	start
  1050                           	opt stack 0
  1051                           GLOBAL	__end_of_main
  1052  0800                     	__end_of_main:
  1053                           ; =============== function _main ends ============
  1054                           
  1055                           psect	maintext
  1056                           	line	73
  1057                           	signat	_main,88
  1058                           	global	__delay_ms
  1059                           psect	text10,local,class=CODE,delta=2
  1060                           global __ptext10
  1061  077F                     __ptext10:
  1062                           
  1063                           ; *************** function __delay_ms *****************
  1064                           ; Defined at:
  1065                           ;		line 34 in file "X:\PIC Projects\BonzaiIrrigation\main.c"
  1066                           ; Parameters:    Size  Location     Type
  1067                           ;  ms              2    2[COMMON] unsigned int 
  1068                           ; Auto vars:     Size  Location     Type
  1069                           ;  us              1    0[COMMON] unsigned char 
  1070                           ;  i               1    1[COMMON] unsigned char 
  1071                           ; Return value:  Size  Location     Type
  1072                           ;		None               void
  1073                           ; Registers used:
  1074                           ;		wreg, status,2, status,0
  1075                           ; Tracked objects:
  1076                           ;		On entry : 0/0
  1077                           ;		On exit  : 0/0
  1078                           ;		Unchanged: 0/0
  1079                           ; Data sizes:     COMMON   BANK0   BANK1   BANK2
  1080                           ;      Locals:         4       0       0       0
  1081                           ;      Temp:     0
  1082                           ;      Total:    4
  1083                           ; This function calls:
  1084                           ;		Nothing
  1085                           ; This function is called by:
  1086                           ;		_main
  1087                           ; This function uses a non-reentrant model
  1088                           ; 
  1089                           psect	text10
  1090                           	file	"X:\PIC Projects\BonzaiIrrigation\main.c"
  1091                           	line	34
  1092                           	global	__size_of__delay_ms
  1093  001D                     	__size_of__delay_ms	equ	__end_of__delay_ms-__delay_ms
  1094                           ;main.c: 25: asm("\tpsect config,class=CONFIG,delta=2"); asm("\tdw ""0x3FFC & 0x3FF7 & 0
                                 x3FEF & 0x3FFF & 0x3FFF & 0x3FFF & 0x3CFF & 0x3BFF & 0x37FF");
  1095                           ;main.c: 33: void _delay_ms(unsigned int ms)
  1096                           ;main.c: 34: {
  1097                           	
  1098  077F                     __delay_ms:	
  1099                           	opt stack 7
  1100                           ; Regs used in __delay_ms: [wreg+status,2+status,0]
  1101                           	
  1102  077F                     l5:	
  1103                           	
  1104  077F                     l30000442:	
  1105                           	line	37
  1106                           ;main.c: 37: i = 4;
  1107  077F  3004               	movlw	(04h)
  1108  0780  00F1               	movwf	(__delay_ms@i)
  1109                           	
  1110  0781                     l8:	
  1111                           	line	39
  1112                           ;main.c: 39: { unsigned char us; us = (164)/(12000000/8000000L)|1; while(--us != 0) cont
                                 inue; };
  1113  0781  30A5               	movlw	(0A5h)
  1114  0782  00F0               	movwf	(__delay_ms@us)
  1115                           	
  1116  0783                     l30000443:	
  1117  0783  3001               	movlw	low(01h)
  1118  0784  02F0               	subwf	(__delay_ms@us),f
  1119  0785  1D03               	btfss	status,2
  1120  0786  2F88               	goto	u11
  1121  0787  2F89               	goto	u10
  1122  0788                     u11:
  1123  0788  2F83               	goto	l30000443
  1124  0789                     u10:
  1125                           	
  1126  0789                     l30000444:	
  1127                           	line	40
  1128                           ;main.c: 40: } while(--i);
  1129  0789  3001               	movlw	low(01h)
  1130  078A  02F1               	subwf	(__delay_ms@i),f
  1131  078B  1D03               	btfss	status,2
  1132  078C  2F8E               	goto	u21
  1133  078D  2F8F               	goto	u20
  1134  078E                     u21:
  1135  078E  2F81               	goto	l8
  1136  078F                     u20:
  1137                           	
  1138  078F                     l30000445:	
  1139                           	line	41
  1140                           ;main.c: 41: } while(--ms);
  1141  078F  3001               	movlw	low(01h)
  1142  0790  02F2               	subwf	(__delay_ms@ms),f
  1143  0791  3000               	movlw	high(01h)
  1144  0792  1C03               	skipc
  1145  0793  03F3               	decf	(__delay_ms@ms+1),f
  1146  0794  02F3               	subwf	(__delay_ms@ms+1),f
  1147  0795  0873               	movf	(((__delay_ms@ms+1))&07fh),w
  1148  0796  0472               	iorwf	(((__delay_ms@ms))&07fh),w
  1149  0797  1D03               	skipz
  1150  0798  2F9A               	goto	u31
  1151  0799  2F9B               	goto	u30
  1152  079A                     u31:
  1153  079A  2F7F               	goto	l5
  1154  079B                     u30:
  1155                           	
  1156  079B                     l2:	
  1157  079B  0008               	return
  1158                           	opt stack 0
  1159                           GLOBAL	__end_of__delay_ms
  1160  079C                     	__end_of__delay_ms:
  1161                           ; =============== function __delay_ms ends ============
  1162                           
  1163                           psect	text11,local,class=CODE,delta=2
  1164                           global __ptext11
  1165  0002                     __ptext11:


HI-TECH Software PICC Macro Assembler V9.70 build 5239 
Symbol Table                                                                                   Thu May 02 21:51:36 2013

                   l2 079B                     l5 077F                     l8 0781                    _DA 04A5  
                  _BF 04A0                    _DC 0019                    l16 07C1                    _PD 001B  
                  _RD 0C60                    u10 0789                    u11 0788                    _UA 04A1  
                  u20 078F                    u21 078E                    u30 079B                    u31 079A  
                  u40 07C5                    u41 07C4                    u60 07F0                    u61 07EF  
                  u55 07D5                    _TO 001C                    _RW 04A2                    _WR 0C61  
                 _C1R 08CA                   _C2R 08D2                   _CKE 04A6                   _CKP 00A4  
                 _GIE 005F                   _BOR 0470                   _RA0 0028                   _RA1 0029  
                 _RA2 002A                   _RA3 002B                   _RC0 0038                   _RA4 002C  
                 _RC1 0039                   _RA5 002D                   _RC2 003A                   _RB4 0034  
                 _RC3 003B                   _RB5 0035                   _RC4 003C                   _RB6 0036  
                 _RC5 003D                   _RB7 0037                   _RC6 003E                   _RC7 003F  
                 _FSR 0004                   _PCL 0002                   _PS0 0408                   _PR2 0092  
                 _PS1 0409                   _PS2 040A                   _RP0 001D                   _IRP 001F  
                 _RP1 001E                   _HTS 047A                   _SR0 0CF6                   _SR1 0CF7  
                 _SCS 0478                   _PSA 040B                   _LTS 0479                   _VR0 08C0  
                 _VR1 08C1                   _VR2 08C2                   _VR3 08C3                   _POR 0471  
                 _RX9 00C6                   _SMP 04A7                   _TX9 04C6                   _WUE 04D9  
                 _VRR 08C5          main@adcValue 0077                  _C1IE 046D                  _C1IF 006D  
                _C2IE 046E                  _C2IF 006E                  _C1OE 08CD                  _C2OE 08D5  
                _C1ON 08CF                  _C2ON 08D7                  _ADIE 0466                  _ADIF 0066  
                _ADFM 00FF              __ptext10 077F              __ptext11 0002                  _ADON 00F8  
                _P1M0 00BE                  _CHS0 00FA                  _P1M1 00BF                  _CHS1 00FB  
                _CHS2 00FC                  _CHS3 00FD                  _EEIE 046C                  _EEIF 006C  
                _ANS0 08F0                  _BRG0 04C8                  _ANS1 08F1                  _BRG1 04C9  
                _ANS2 08F2                  _BRG2 04CA                  _ANS3 08F3                  _BRG3 04CB  
                _ANS4 08F4                  _BRG4 04CC                  _ANS5 08F5                  _BRG5 04CD  
                _ANS6 08F6                  _BRG6 04CE                  _ANS7 08F7                  _BRG7 04CF  
                _ANS8 08F8                  _BRG8 04D0                  _ANS9 08F9                  _BRG9 04D1  
                _BRGH 04C2                  _T0IE 005D                  _T0IF 005A                  _CREN 00C4  
                _T0CS 040D                  _FERR 00C2                  _PDC0 00E0                  _PDC1 00E1  
                _PDC2 00E2                  _PDC3 00E3                  _PDC4 00E4                  _T0SE 040C  
                _CSRC 04C7                  _IOCA 0096                  _PDC5 00E5                  _IOCB 0116  
                _PDC6 00E6                  _INDF 0000                  _PIE1 008C                  _PIE2 008D  
                _PEIE 005E                  _INTE 005C                  _INTF 0059                  _RBIE 005B  
                _RBIF 0058                  _RCIE 0465                  _RCIF 0065                  _PCON 008E  
                _PIR1 000C                  _PIR2 000D                  _OERR 00C1                  _SCKP 04DC  
                _RBPU 040F                  _VCFG 00FE                  _RX9D 00C0                  _TMR0 0001  
                _TMR2 0011                  _WCOL 00A7                  _SPEN 00C7                  _TX9D 04C0  
                _SREN 00C5                  _OSTS 047B                  _TUN0 0480                  _TUN1 0481  
                _TUN2 0482                  _TUN3 0483                  _TUN4 0484                  _STRA 0CE8  
                _STRB 0CE9                  _STRC 0CEA                  _STRD 0CEB                  _TRMT 04C1  
                _STOP 04A4                  _TXIE 0464                  _ZERO 001A                  _WREN 0C62  
                _TXEN 04C5                  _TXIF 0064                  _SYNC 04C4                  _WPUA 0095  
                _WPUB 0115             __delay_ms 077F     __end_of__delay_ms 079C                  _main 079C  
          ?__delay_ms 0072                  start 0000   start_initialization 077C           ??__delay_ms 0070  
             _CM1CON0 0119               _CM2CON0 011A               _CCP1CON 0017               _CM2CON1 011B  
             _BAUDCTL 009B               _ECCPAS0 00EC               _ECCPAS1 00ED               _ECCPAS2 00EE  
             _ECCPASE 00EF                 _C1CH0 08C8                 _C1CH1 08C9                 _C2CH0 08D0  
               _C2CH1 08D1                 _DC1B0 00BC                 _DC1B1 00BD                 _C1SEN 0CF5  
               _C2REN 0CF4                 _C1POL 08CC                 _C2POL 08D4                 _C1OUT 08CE  
               _C2OUT 08D6                 _ABDEN 04D8                 _ADCS0 04FC                 _ADCS1 04FD  
               _ADCS2 04FE                 _ADDEN 00C3                 ?_main 0079                 _EEADR 010D  
               _ANS10 08FA                 _EEDAT 010C                 _BRG10 04D2                 _ANS11 08FB  
               _BRG11 04D3                 _BRG12 04D4                 _BRG13 04D5                 _BRG14 04D6  
               _BRG15 04D7                 _BRG16 04DB                 _CARRY 0018                 _EEPGD 0C67  
               _ANSEL 011E                 _T1CON 0010                 _IOCA0 04B0                 _IOCA1 04B1  
               _IOCA2 04B2                 _T2CON 0012                 _IOCA3 04B3                 _IOCA4 04B4  
               _IOCA5 04B5                 _IOCB4 08B4                 _IOCB5 08B5                 _IOCB6 08B6  
               _IOCB7 08B7                 _T1GSS 08D9               _T1CKPS0 0084               _T1CKPS1 0085  
               _IRCF0 047C                 _IRCF1 047D                 _IRCF2 047E               _T2CKPS0 0090  
             _T2CKPS1 0091                 _RABIE 005B                 _RABIF 0058                 _RABPU 040F  
               _RCIDL 04DE                 _RCREG 001A                 _SENDB 04C3                 _RCSTA 0018  
               _OSFIE 046F                 _OSFIF 006F                 _VP6EN 08C4                 _TMR1H 000F  
               _TMR1L 000E                 _SPBRG 0099                 _PORTA 0005                 _PORTB 0006  
             _T1OSCEN 0083                 _PORTC 0007                 _PRSEN 00E7                 _SRCON 019E  
               _START 04A3                 _PULSR 0CF2                 _PULSS 0CF3                 _SSPM0 00A0  
               _SSPM1 00A1                 _SSPM2 00A2                 _SSPM3 00A3                 _TRISA 0085  
               _TRISB 0086                 _TRISC 0087                 _SSPIE 0463                 _SSPIF 0063  
               _SSPEN 00A5                 _VRCON 0118                 _WPUA0 04A8                 _WPUA1 04A9  
               _WPUA2 04AA                 _WPUA4 04AC                 _WPUA5 04AD                 _WPUB4 08AC  
               _SSPOV 00A6                 _WPUB5 08AD                 _WPUB6 08AE                 _WPUB7 08AF  
               _WRERR 0C63                 _TXREG 0019                 _TXSTA 0098        __pcstackCOMMON 0070  
             _OSCTUNE 0090               _PWM1CON 001C               _PSTRCON 019D               _SSPSTAT 0094  
             _TOUTPS0 0093               _TOUTPS1 0094               _TOUTPS2 0095               _TOUTPS3 0096  
             _STRSYNC 0CEC                 status 0003    __size_of__delay_ms 001D          __delay_ms@ms 0072  
        __delay_ms@us 0070         __size_of_main 0064              l30000442 077F              l30000450 07B4  
            l30000443 0783              l30000451 07B8              l30000444 0789              l30000452 07C0  
            l30000445 078F              l30000453 07C5              l30000454 07E0              l30000446 079C  
            l30000455 07E7              l30000447 07A2              l30000456 07F0              l30000448 07A7  
            l30000457 07F3              l30000449 07B0              l30000458 07FA                ??_main 0074  
             __ptext9 0002            __pmaintext 079C                _C1VREN 08C7                _C2VREN 08C6  
              _C2SYNC 08D8                _ADCON0 001F                _ADCON1 009F                _ABDOVF 04DF  
              _CCP1M0 00B8                _CCP1M1 00B9                _CCP1M2 00BA                _CCP1M3 00BB  
              _CCP1IE 0462                _CCP1IF 0062                _ADRESH 001E                _EEADRH 010F  
              _ADRESL 009E                _EEADRL 010D                _EEDATA 010C                _ECCPAS 001D  
              _CCPR1H 0016                _EEDATH 010E                _CCPR1L 0015                _EEDATL 010C  
              _EECON1 018C                _EECON2 018D                _ANSELH 011F                _MC1OUT 08DF  
              _MC2OUT 08DE          __end_of_main 0800                _T1GINV 0087                _GODONE 00F9  
end_of_initialization 077C                _T1SYNC 0082                _INTEDG 040E                _PCLATH 000A  
              _INTCON 000B                _SBOREN 0474                _OSCCON 008F                _TMR1GE 0086  
              _TMR1IE 0460                _TMR1IF 0060                _TMR1CS 0081                _TMR2IE 0461  
              _TMR2IF 0061                _PSSAC0 00EA                _PSSAC1 00EB                _PSSBD0 00E8  
              _PSSBD1 00E9                _SPBRGH 009A                _OPTION 0081                _TMR1ON 0080  
              _TMR2ON 0092                _WDTCON 0097                _WDTPS0 04B9                _WDTPS1 04BA  
              _WDTPS2 04BB                _WDTPS3 04BC                _SSPADD 0093                _TRISA0 0428  
              _TRISA1 0429                _TRISA2 042A                _TRISA3 042B                _TRISC0 0438  
              _TRISA4 042C                _TRISC1 0439                _TRISA5 042D                _TRISC2 043A  
              _TRISB4 0434                _TRISC3 043B                _TRISB5 0435                _TRISC4 043C  
              _TRISB6 0436                _TRISC5 043D                _TRISB7 0437                _TRISC6 043E  
              _TRISC7 043F                _STATUS 0003                _SSPCON 0014                _SSPBUF 0013  
              _SWDTEN 04B8                _ULPWUE 0475                _SSPMSK 0093           __delay_ms@i 0071  
