HI-TECH Software C Compiler 

Linker command line:

--edf=/usr/hitech/picc/9.83/dat/en_msgs.txt -cs \
  -h+dist/default/production/BonzaiIrrigation.X.production.sym -z -Q16F690 \
  -ol.obj -Mdist/default/production/BonzaiIrrigation.X.production.map -E1 \
  -ACONST=00h-0FFhx16 -ACODE=00h-07FFhx2 -ASTRCODE=00h-0FFFh \
  -AENTRY=00h-0FFhx16 -ASTRING=00h-0FFhx16 -ABANK0=020h-06Fh \
  -ABANK1=0A0h-0EFh -ABANK2=0120h-016Fh \
  -ARAM=020h-06Fh,0A0h-0EFh,0120h-016Fh \
  -AABS1=020h-07Fh,0A0h-0EFh,0120h-016Fh -ACOMMON=070h-07Fh -ASFR0=00h-01Fh \
  -ASFR1=080h-09Fh -ASFR2=0100h-011Fh -ASFR3=0180h-01EFh \
  -preset_vec=00h,intentry=04h,init,end_init -ppowerup=CODE -pfunctab=CODE \
  -ACONFIG=02007h-02007h -pconfig=CONFIG -DCONFIG=2 -AIDLOC=02000h-02003h \
  -pidloc=IDLOC -DIDLOC=2 -AEEDATA=00h-0FFh/02100h -peeprom_data=EEDATA \
  -DEEDATA=2 -DCODE=2 -DSTRCODE=2 -DSTRING=2 -DCONST=2 -DENTRY=2 -k \
  /tmp/cgtzArnGJ.obj \
  dist/default/production/BonzaiIrrigation.X.production.obj 

Object code version is 3.10

Machine type is 16F690



                Name                               Link     Load   Length Selector   Space Scale
/tmp/cgtzArnGJ.obj
                end_init                             11       11        2        8       0
                reset_vec                             0        0        2        0       0
dist/default/production/BonzaiIrrigation.X.production.obj
                intentry                              4        4        D        8       0
                config                             2007     2007        1     400E       0
                text494                             4F9      4F9       1E      6A2       0
                text493                             351      351       4E      6A2       0
                text492                             39F      39F       44      6A2       0
                text491                             4D3      4D3       26      6A2       0
                text490                             57D      57D        C      6A2       0
                text489                             5A2      5A2        4      6A2       0
                text488                              13       13       EE        8       0
                text487                             47F      47F       2C      6A2       0
                text486                             594      594        9      6A2       0
                text485                             261      261       6F        8       0
                text484                             101      101       B8        8       0
                text483                             56C      56C       11      6A2       0
                text482                             59D      59D        5      6A2       0
                text481                             4AB      4AB       28      6A2       0
                text480                             1B9      1B9       A8        8       0
                text479                             450      450       2F      6A2       0
                text478                             3E3      3E3       3B      6A2       0
                text477                             41E      41E       32      6A2       0
                text476                             589      589        B      6A2       0
                maintext                            517      517       1A      6A2       0
                cstackBANK0                          20       20       41       20       1
                cstackCOMMON                         70       70        E       70       1
                cstackBANK1                          B9       B9       15       A0       1
                inittext                            55B      55B       11      6A2       0
                dataBANK1                            A0       A0       19       A0       1
                bssBANK0                             61       61        2       20       1
                cinit                               54A      54A       11      6A2       0
                strings                             300      300       51      600       0
                idataBANK1                          531      531       19      6A2       0

TOTAL           Name                               Link     Load   Length     Space
        CLASS   CONST          

        CLASS   CODE           
                end_init                             11       11        2         0
                intentry                              4        4        D         0
                reset_vec                             0        0        2         0
                text494                             4F9      4F9       1E         0
                text493                             351      351       4E         0
                text492                             39F      39F       44         0
                text491                             4D3      4D3       26         0
                text490                             57D      57D        C         0
                text489                             5A2      5A2        4         0
                text488                              13       13       EE         0
                text487                             47F      47F       2C         0
                text486                             594      594        9         0
                text485                             261      261       6F         0
                text484                             101      101       B8         0
                text483                             56C      56C       11         0
                text482                             59D      59D        5         0
                text481                             4AB      4AB       28         0
                text480                             1B9      1B9       A8         0
                text479                             450      450       2F         0
                text478                             3E3      3E3       3B         0
                text477                             41E      41E       32         0
                text476                             589      589        B         0
                maintext                            517      517       1A         0
                inittext                            55B      55B       11         0
                cinit                               54A      54A       11         0
                idataBANK1                          531      531       19         0

        CLASS   STRCODE        

        CLASS   ENTRY          

        CLASS   STRING         
                strings                             300      300       51         0

        CLASS   BANK0          
                cstackBANK0                          20       20       41         1
                bssBANK0                             61       61        2         1

        CLASS   BANK1          
                cstackBANK1                          B9       B9       15         1
                dataBANK1                            A0       A0       19         1

        CLASS   BANK2          

        CLASS   RAM            

        CLASS   ABS1           
                abs_s1                               7E       7E        2         1

        CLASS   COMMON         
                cstackCOMMON                         70       70        E         1

        CLASS   SFR0           

        CLASS   SFR1           

        CLASS   SFR2           

        CLASS   SFR3           

        CLASS   CONFIG         
                config                             2007     2007        1         0

        CLASS   IDLOC          

        CLASS   EEDATA         

        CLASS   BANK3          



SEGMENTS        Name                           Load    Length   Top    Selector   Space  Class     Delta

                reset_vec                      000000  000002  000002         0       0  CODE        2
                intentry                       000004  0002CC  0002D0         8       0  CODE        2
                cstackBANK0                    000020  000043  000063        20       1  BANK0       1
                cstackCOMMON                   000070  00000E  00007E        70       1  COMMON      1
                dataBANK1                      0000A0  00002E  0000CE        A0       1  BANK1       1
                strings                        000300  000051  000351       600       0  STRING      2
                text493                        000351  000255  0005A6       6A2       0  CODE        2
                config                         002007  000001  002008      400E       0  CONFIG      2


UNUSED ADDRESS RANGES

        Name                Unused          Largest block    Delta
        BANK0            0063-006F              D           1
        BANK1            00CE-00EF             22           1
        BANK2            0120-016F             50           1
        CODE             0002-0003              2           2
                         02D0-02FF             30
                         05A6-0FFF            25A
        CONST            0002-0003              2           2
                         02D0-02FF             30
                         05A6-0FFF            100
        EEDATA           2100-21FF            100           2
        ENTRY            0002-0003              2           2
                         02D0-02FF             30
                         05A6-0FFF            100
        IDLOC            2000-2003              4           2
        RAM              0063-006F              D           1
                         00CE-00EF             22
                         0120-016F             50
        SFR0             0000-001F             20           1
        SFR1             0080-009F             20           1
        SFR2             0100-011F             20           1
        SFR3             0180-01EF             70           1
        STRCODE          0002-0003              2           2
                         02D0-02FF             30
                         05A6-0FFF            A5A
        STRING           0002-0003              2           2
                         02D0-02FF             30
                         05A6-0FFF            100

                                  Symbol Table

??___aldiv                     cstackBANK1  00C1
??___lwdiv                     cstackCOMMON 0074
??___lwmod                     cstackCOMMON 007C
??__delay_ms                   cstackBANK1  00BB
??_get_c                       cstackCOMMON 0070
??_getc_spdswtch               cstackCOMMON 0072
??_init                        cstackBANK1  00BE
??_isr                         cstackBANK0  003D
??_main                        cstackBANK1  00CE
??_put_c                       cstackBANK1  00B9
??_putstring                   cstackBANK1  00BC
??_putstring_spdswtch          cstackBANK1  00BE
??_readADC                     cstackBANK0  002F
??_sprintf                     cstackBANK0  0023
??_uart_init                   cstackBANK1  00CC
??_uart_interrupts             cstackBANK1  00B9
??i1__delay_ms                 cstackCOMMON 0072
??i1_put_c                     cstackCOMMON 0070
??i1_putstring                 cstackCOMMON 0073
??i1_putstring_spdswtch        cstackCOMMON 0075
?___aldiv                      cstackBANK1  00B9
?___lwdiv                      cstackCOMMON 0070
?___lwmod                      cstackCOMMON 0078
?__delay_ms                    cstackBANK1  00B9
?_get_c                        cstackCOMMON 0070
?_getc_spdswtch                cstackCOMMON 0070
?_init                         cstackCOMMON 0070
?_isr                          cstackCOMMON 0070
?_main                         cstackCOMMON 0070
?_put_c                        cstackCOMMON 0070
?_putstring                    cstackBANK1  00BA
?_putstring_spdswtch           cstackCOMMON 0070
?_readADC                      cstackCOMMON 0070
?_sprintf                      cstackBANK0  0020
?_uart_init                    cstackBANK1  00C8
?_uart_interrupts              cstackCOMMON 0070
?i1__delay_ms                  cstackCOMMON 0070
?i1_put_c                      cstackCOMMON 0070
?i1_putstring                  cstackCOMMON 0071
?i1_putstring_spdswtch         cstackCOMMON 0070
_ADCON0                        (abs)        001F
_ADCON1                        (abs)        009F
_ADON                          (abs)        00F8
_ADRESH                        (abs)        001E
_ADRESL                        (abs)        009E
_ANS11                         (abs)        08FB
_ANSEL                         (abs)        011E
_ANSELH                        (abs)        011F
_BAUDCTL                       (abs)        009B
_CARRY                         (abs)        0018
_CREN                          (abs)        00C4
_EEADR                         (abs)        010D
_EECON1                        (abs)        018C
_EECON2                        (abs)        018D
_EEDATA                        (abs)        010C
_FERR                          (abs)        00C2
_GIE                           (abs)        005F
_GODONE                        (abs)        00F9
_OERR                          (abs)        00C1
_OSCCON                        (abs)        008F
_PEIE                          (abs)        005E
_PORTB                         (abs)        0006
_PORTC                         (abs)        0007
_RA0                           (abs)        0028
_RCIE                          (abs)        0465
_RCIF                          (abs)        0065
_RCREG                         (abs)        001A
_RCSTA                         (abs)        0018
_RD                            (abs)        0C60
_SPBRG                         (abs)        0099
_SPBRGH                        (abs)        009A
_SPEN                          (abs)        00C7
_T1CON                         (abs)        0010
_TMR1IE                        (abs)        0460
_TMR1IF                        (abs)        0060
_TRISA                         (abs)        0085
_TRISB                         (abs)        0086
_TRISC                         (abs)        0087
_TXEN                          (abs)        04C5
_TXIF                          (abs)        0064
_TXREG                         (abs)        0019
_TXSTA                         (abs)        0098
_WR                            (abs)        0C61
_WREN                          (abs)        0C62
__Habs1                        abs1         0000
__Hbank0                       bank0        0000
__Hbank1                       bank1        0000
__Hbank2                       bank2        0000
__Hbank3                       bank3        0000
__HbssBANK0                    bssBANK0     0000
__Hcinit                       cinit        0000
__Hclrtext                     clrtext      0000
__Hcode                        code         0000
__Hcommon                      common       0000
__Hconfig                      config       2008
__HcstackBANK0                 cstackBANK0  0000
__HcstackBANK1                 cstackBANK1  0000
__HcstackCOMMON                cstackCOMMON 0000
__HdataBANK1                   dataBANK1    0000
__Heeprom_data                 eeprom_data  0000
__Hend_init                    end_init     0013
__Hfunctab                     functab      0000
__HidataBANK1                  idataBANK1   0000
__Hidloc                       idloc        0000
__Hinit                        init         0011
__Hinittext                    inittext     0000
__Hintentry                    intentry     0011
__Hmaintext                    maintext     0000
__Hpowerup                     powerup      0000
__Hram                         ram          0000
__Hreset_vec                   reset_vec    0002
__Hsfr0                        sfr0         0000
__Hsfr1                        sfr1         0000
__Hsfr2                        sfr2         0000
__Hsfr3                        sfr3         0000
__Hstrings                     strings      0000
__Htext                        text         0000
__Labs1                        abs1         0000
__Lbank0                       bank0        0000
__Lbank1                       bank1        0000
__Lbank2                       bank2        0000
__Lbank3                       bank3        0000
__LbssBANK0                    bssBANK0     0000
__Lcinit                       cinit        0000
__Lclrtext                     clrtext      0000
__Lcode                        code         0000
__Lcommon                      common       0000
__Lconfig                      config       2007
__LcstackBANK0                 cstackBANK0  0000
__LcstackBANK1                 cstackBANK1  0000
__LcstackCOMMON                cstackCOMMON 0000
__LdataBANK1                   dataBANK1    0000
__Leeprom_data                 eeprom_data  0000
__Lend_init                    end_init     0011
__Lfunctab                     functab      0000
__LidataBANK1                  idataBANK1   0000
__Lidloc                       idloc        0000
__Linit                        init         0011
__Linittext                    inittext     0000
__Lintentry                    intentry     0004
__Lmaintext                    maintext     0000
__Lpowerup                     powerup      0000
__Lram                         ram          0000
__Lreset_vec                   reset_vec    0000
__Lsfr0                        sfr0         0000
__Lsfr1                        sfr1         0000
__Lsfr2                        sfr2         0000
__Lsfr3                        sfr3         0000
__Lstrings                     strings      0000
__Ltext                        text         0000
__S0                           (abs)        2008
__S1                           (abs)        00CE
__S2                           (abs)        0000
___aldiv                       text480      01B9
___aldiv@counter               cstackBANK1  00C2
___aldiv@dividend              cstackBANK1  00BD
___aldiv@divisor               cstackBANK1  00B9
___aldiv@quotient              cstackBANK1  00C4
___aldiv@sign                  cstackBANK1  00C3
___lwdiv                       text493      0351
___lwdiv@counter               cstackCOMMON 0077
___lwdiv@dividend              cstackCOMMON 0072
___lwdiv@divisor               cstackCOMMON 0070
___lwdiv@quotient              cstackCOMMON 0075
___lwmod                       text492      039F
___lwmod@counter               cstackCOMMON 007D
___lwmod@dividend              cstackCOMMON 007A
___lwmod@divisor               cstackCOMMON 0078
__delay_ms                     text481      04AB
__delay_ms@i                   cstackBANK1  00BC
__delay_ms@ms                  cstackBANK1  00B9
__delay_ms@us                  cstackBANK1  00BD
__end_of___aldiv               text480      0261
__end_of___lwdiv               text493      039F
__end_of___lwmod               text492      03E3
__end_of__delay_ms             text481      04D3
__end_of_get_c                 text494      0517
__end_of_getc_spdswtch         text489      05A6
__end_of_init                  text479      047F
__end_of_isr                   text484      01B9
__end_of_main                  maintext     0531
__end_of_put_c                 text483      057D
__end_of_putstring             text477      0450
__end_of_putstring_spdswtch    text476      0594
__end_of_readADC               text485      02D0
__end_of_sprintf               text488      0101
__end_of_uart_init             text478      041E
__end_of_uart_interrupts       text482      05A2
__end_ofi1__delay_ms           text491      04F9
__end_ofi1_put_c               text490      0589
__end_ofi1_putstring           text487      04AB
__end_ofi1_putstring_spdswtch  text486      059D
__pbssBANK0                    bssBANK0     0061
__pcstackBANK0                 cstackBANK0  0020
__pcstackBANK1                 cstackBANK1  00B9
__pcstackCOMMON                cstackCOMMON 0070
__pdataBANK1                   dataBANK1    00A0
__pidataBANK1                  idataBANK1   0531
__pintentry                    intentry     0004
__pmaintext                    maintext     0517
__pstrings                     strings      0300
__ptext476                     text476      0589
__ptext477                     text477      041E
__ptext478                     text478      03E3
__ptext479                     text479      0450
__ptext480                     text480      01B9
__ptext481                     text481      04AB
__ptext482                     text482      059D
__ptext483                     text483      056C
__ptext484                     text484      0101
__ptext485                     text485      0261
__ptext486                     text486      0594
__ptext487                     text487      047F
__ptext488                     text488      0013
__ptext489                     text489      05A2
__ptext490                     text490      057D
__ptext491                     text491      04D3
__ptext492                     text492      039F
__ptext493                     text493      0351
__ptext494                     text494      04F9
__ptext495                     text495      0000
__size_of___aldiv              (abs)        0000
__size_of___lwdiv              (abs)        0000
__size_of___lwmod              (abs)        0000
__size_of__delay_ms            (abs)        0000
__size_of_get_c                (abs)        0000
__size_of_getc_spdswtch        (abs)        0000
__size_of_init                 (abs)        0000
__size_of_isr                  (abs)        0000
__size_of_main                 (abs)        0000
__size_of_put_c                (abs)        0000
__size_of_putstring            (abs)        0000
__size_of_putstring_spdswtch   (abs)        0000
__size_of_readADC              (abs)        0000
__size_of_sprintf              (abs)        0000
__size_of_uart_init            (abs)        0000
__size_of_uart_interrupts      (abs)        0000
__size_ofi1__delay_ms          (abs)        0000
__size_ofi1_put_c              (abs)        0000
__size_ofi1_putstring          (abs)        0000
__size_ofi1_putstring_spdswtch (abs)        0000
_counter                       bssBANK0     0061
_dpowers                       strings      0310
_exit                          init         0011
_get_c                         text494      04F9
_getc_spdswtch                 text489      05A2
_init                          text479      0450
_isr                           text484      0101
_main                          maintext     0517
_put_c                         text483      056C
_putstring                     text477      041E
_putstring_spdswtch            text476      0589
_readADC                       text485      0261
_sprintf                       text488      0013
_uart_init                     text478      03E3
_uart_interrupts               text482      059D
btemp                          (abs)        007E
end_of_initialization          cinit        0558
get_c@c                        cstackCOMMON 0071
i1__delay_ms                   text491      04D3
i1__delay_ms@i                 cstackCOMMON 0073
i1__delay_ms@ms                cstackCOMMON 0070
i1__delay_ms@us                cstackCOMMON 0074
i1_put_c                       text490      057D
i1_putstring                   text487      047F
i1_putstring_spdswtch          text486      0594
i1put_c@c                      cstackCOMMON 0070
i1putstring@chr                cstackCOMMON 0073
i1putstring@string             cstackCOMMON 0071
i1putstring_spdswtch@string    cstackCOMMON 0075
init_fetch                     inittext     055B
init_ram                       inittext     055F
interrupt_function             intentry     0004
intlevel0                      functab      0000
intlevel1                      functab      0000
intlevel2                      functab      0000
intlevel3                      functab      0000
intlevel4                      functab      0000
intlevel5                      functab      0000
isr@F746                       dataBANK1    00A0
isr@input                      cstackBANK0  0045
isr@input_counter              cstackBANK0  005F
isr@retval                     cstackBANK0  005E
put_c@c                        cstackBANK1  00B9
putstring@chr                  cstackBANK1  00BC
putstring@string               cstackBANK1  00BA
putstring_spdswtch@string      cstackBANK1  00BE
readADC@adcValue               cstackBANK0  003B
readADC@output                 cstackBANK0  0031
reset_vec                      reset_vec    0000
saved_w                        (abs)        007E
sprintf@_val                   cstackBANK0  0029
sprintf@ap                     cstackBANK0  0026
sprintf@c                      cstackBANK0  002E
sprintf@f                      cstackBANK0  0020
sprintf@flag                   cstackBANK0  0027
sprintf@prec                   cstackBANK0  0028
sprintf@sp                     cstackBANK0  002D
start                          init         0011
start_initialization           cinit        054A
uart_init@BRG_VALUE            cstackBANK1  00CC
uart_init@FOSC                 cstackBANK1  00C8
wtemp0                         (abs)        007E
